// Jest Snapshot v1, https://goo.gl/fbAQLP

exports[`>>>LOADER tests loader have to match snapshot with false loading 1`] = `<div />`;

exports[`>>>LOADER tests loader have to match snapshot with true loading 1`] = `
<div>
  <CircularProgress
    color="#da395c"
    max={100}
    min={0}
    mode="indeterminate"
    size={250}
    thickness={15}
    value={0}
  />
</div>
`;
