// Jest Snapshot v1, https://goo.gl/fbAQLP

exports[`>>>MOVIE CARD --- snapshot MovieCard have to rendered succesfully 1`] = `
<Link
  replace={false}
  to="/movie/680"
>
  <img
    alt="There must be poster"
    src="https://image.tmdb.org/t/p/w500/dM2w364MScsjFf8pfMbaWUcWrR.jpg"
  />
  <div>
    <label>
      Pulp Fiction
    </label>
    <label>
      1994
    </label>
  </div>
  <label>
    Thriller & Crime
  </label>
</Link>
`;
