// Jest Snapshot v1, https://goo.gl/fbAQLP

exports[`>>>MOVIE INFO --- snapshot MovieInfo have to rendered succesfully 1`] = `
<div>
  <header>
    <Link
      replace={false}
      to="/search"
    >
      netflixroulette
    </Link>
    <Link
      replace={false}
      to="/search"
    >
      SEARCH
    </Link>
  </header>
  <div>
    <Loader>
      <img
        src="https://image.tmdb.org/t/p/w500/dM2w364MScsjFf8pfMbaWUcWrR.jpg"
      />
      <div>
        <div>
          Pulp Fiction
        </div>
        <div>
          8.3
        </div>
        <div>
          Thriller & Crime
        </div>
        <div>
          1994
        </div>
        <div>
          154
           min
        </div>
        <div>
          <div>
            A burger-loving hit man, his philosophical partner, a drug-addled gangster's moll and a washed-up boxer converge in this sprawling, comedic crime caper. Their adventures unfurl in three stories that ingeniously trip back and forth in time.
          </div>
        </div>
      </div>
    </Loader>
  </div>
</div>
`;
