// Jest Snapshot v1, https://goo.gl/fbAQLP

exports[`>>>SEARCH BOX tests search box snapshot 1`] = `
<SearchBox
  onSearch={[MockFunction]}
  onSearchType={[MockFunction]}
  search="pulp"
  searchBy="title"
>
  <div>
    <h6>
      FIND YOUR MOVIE
    </h6>
    <input
      onChange={[Function]}
      onKeyDown={[Function]}
      placeholder="Search..."
      value="pulp"
    />
    <div>
      <div>
        <label>
          SEARCH BY
        </label>
        <button
          className="
                                undefined 
                                undefined"
          onClick={[Function]}
          value="title"
        >
          TITLE
        </button>
        <button
          className="
                                undefined 
                                "
          onClick={[Function]}
          value="genres"
        >
          GENRE
        </button>
      </div>
      <button
        className="
                            undefined 
                            "
        disabled={false}
        onClick={[Function]}
      >
        SEARCH
      </button>
    </div>
  </div>
</SearchBox>
`;
